###############################################################################
#                                                                             #
# IAR ELF Linker V6.70.1.5641/W32 for ARM               11/Nov/2013  14:16:45 #
# Copyright 2007-2013 IAR Systems AB.                                         #
#                                                                             #
#    Output file  =  C:\Users\gombos\dmpro\kits\EFM32GG_DK3750\examples\wavpl #
#                    ayer\iar\wavplayer\Debug\Exe\wavplayer.out               #
#    Map file     =  C:\Users\gombos\dmpro\kits\EFM32GG_DK3750\examples\wavpl #
#                    ayer\iar\wavplayer\Debug\List\wavplayer.map              #
#    Command line =  C:\Users\gombos\dmpro\kits\EFM32GG_DK3750\examples\wavpl #
#                    ayer\iar\wavplayer\Debug\Obj\bsp_dk_3201.o               #
#                    C:\Users\gombos\dmpro\kits\EFM32GG_DK3750\examples\wavpl #
#                    ayer\iar\wavplayer\Debug\Obj\bsp_dk_leds.o               #
#                    C:\Users\gombos\dmpro\kits\EFM32GG_DK3750\examples\wavpl #
#                    ayer\iar\wavplayer\Debug\Obj\bsp_trace.o                 #
#                    C:\Users\gombos\dmpro\kits\EFM32GG_DK3750\examples\wavpl #
#                    ayer\iar\wavplayer\Debug\Obj\diskio.o                    #
#                    C:\Users\gombos\dmpro\kits\EFM32GG_DK3750\examples\wavpl #
#                    ayer\iar\wavplayer\Debug\Obj\dmactrl.o                   #
#                    C:\Users\gombos\dmpro\kits\EFM32GG_DK3750\examples\wavpl #
#                    ayer\iar\wavplayer\Debug\Obj\em_assert.o                 #
#                    C:\Users\gombos\dmpro\kits\EFM32GG_DK3750\examples\wavpl #
#                    ayer\iar\wavplayer\Debug\Obj\em_cmu.o                    #
#                    C:\Users\gombos\dmpro\kits\EFM32GG_DK3750\examples\wavpl #
#                    ayer\iar\wavplayer\Debug\Obj\em_dac.o                    #
#                    C:\Users\gombos\dmpro\kits\EFM32GG_DK3750\examples\wavpl #
#                    ayer\iar\wavplayer\Debug\Obj\em_dma.o                    #
#                    C:\Users\gombos\dmpro\kits\EFM32GG_DK3750\examples\wavpl #
#                    ayer\iar\wavplayer\Debug\Obj\em_ebi.o                    #
#                    C:\Users\gombos\dmpro\kits\EFM32GG_DK3750\examples\wavpl #
#                    ayer\iar\wavplayer\Debug\Obj\em_emu.o                    #
#                    C:\Users\gombos\dmpro\kits\EFM32GG_DK3750\examples\wavpl #
#                    ayer\iar\wavplayer\Debug\Obj\em_gpio.o                   #
#                    C:\Users\gombos\dmpro\kits\EFM32GG_DK3750\examples\wavpl #
#                    ayer\iar\wavplayer\Debug\Obj\em_prs.o                    #
#                    C:\Users\gombos\dmpro\kits\EFM32GG_DK3750\examples\wavpl #
#                    ayer\iar\wavplayer\Debug\Obj\em_system.o                 #
#                    C:\Users\gombos\dmpro\kits\EFM32GG_DK3750\examples\wavpl #
#                    ayer\iar\wavplayer\Debug\Obj\em_timer.o                  #
#                    C:\Users\gombos\dmpro\kits\EFM32GG_DK3750\examples\wavpl #
#                    ayer\iar\wavplayer\Debug\Obj\em_usart.o                  #
#                    C:\Users\gombos\dmpro\kits\EFM32GG_DK3750\examples\wavpl #
#                    ayer\iar\wavplayer\Debug\Obj\ff.o                        #
#                    C:\Users\gombos\dmpro\kits\EFM32GG_DK3750\examples\wavpl #
#                    ayer\iar\wavplayer\Debug\Obj\microsd.o                   #
#                    C:\Users\gombos\dmpro\kits\EFM32GG_DK3750\examples\wavpl #
#                    ayer\iar\wavplayer\Debug\Obj\startup_efm32gg.o           #
#                    C:\Users\gombos\dmpro\kits\EFM32GG_DK3750\examples\wavpl #
#                    ayer\iar\wavplayer\Debug\Obj\system_efm32gg.o            #
#                    C:\Users\gombos\dmpro\kits\EFM32GG_DK3750\examples\wavpl #
#                    ayer\iar\wavplayer\Debug\Obj\wavplayer.o --redirect      #
#                    _Printf=_PrintfFull --redirect _Scanf=_ScanfFull -o      #
#                    C:\Users\gombos\dmpro\kits\EFM32GG_DK3750\examples\wavpl #
#                    ayer\iar\wavplayer\Debug\Exe\wavplayer.out --map         #
#                    C:\Users\gombos\dmpro\kits\EFM32GG_DK3750\examples\wavpl #
#                    ayer\iar\wavplayer\Debug\List\wavplayer.map --config     #
#                    "C:\Program Files (x86)\IAR Systems\Embedded Workbench   #
#                    6.5\arm\config\linker\EnergyMicro\EFM32GG990F1024.icf"   #
#                    --entry __iar_program_start --vfe                        #
#                                                                             #
#                                                                             #
###############################################################################

*******************************************************************************
*** RUNTIME MODEL ATTRIBUTES
***

CppFlavor       = *
__SystemLibrary = DLib


*******************************************************************************
*** PLACEMENT SUMMARY
***

"A1":  place at 0x00000000 { ro section .intvec };
"P1":  place in [from 0x00000000 to 0x000fffff] { ro };
"P2":  place in [from 0x20000000 to 0x2001ffff] { rw, block CSTACK, block HEAP };

  Section            Kind        Address    Size  Object
  -------            ----        -------    ----  ------
"A1":                                       0xdc
  .intvec            ro code  0x00000000    0xdc  startup_efm32gg.o [1]
                            - 0x000000dc    0xdc

"P1":                                     0x4cdc
  .text              ro code  0x000000dc  0x13d4  ff.o [1]
  .text              ro code  0x000014b0   0x58c  diskio.o [1]
  .text              ro code  0x00001a3c   0x4f4  wavplayer.o [1]
  .text              ro code  0x00001f30   0x380  microsd.o [1]
  .text              ro code  0x000022b0   0x554  em_dma.o [1]
  .text              ro code  0x00002804    0x56  ABImemcpy_unaligned.o [4]
  .text              ro code  0x0000285a    0x2e  copy_init3.o [4]
  .text              ro code  0x00002888   0xb68  em_cmu.o [1]
  .text              ro code  0x000033f0    0xf0  em_gpio.o [1]
  .text              ro code  0x000034e0   0x25a  em_usart.o [1]
  .text              ro code  0x0000373a    0x22  zero_init3.o [4]
  .text              ro code  0x0000375c   0x924  bsp_dk_3201.o [1]
  .text              ro code  0x00004080    0x18  bsp_dk_leds.o [1]
  .text              ro code  0x00004098     0x2  em_assert.o [1]
  .text              ro code  0x0000409c   0x134  system_efm32gg.o [1]
  .text              ro code  0x000041d0    0x14  em_emu.o [1]
  .text              ro code  0x000041e4   0x7b8  em_ebi.o [1]
  .rodata            const    0x0000499c    0x7c  bsp_dk_3201.o [1]
  .rodata            const    0x00004a18    0x50  bsp_dk_3201.o [1]
  .rodata            const    0x00004a68    0x44  em_usart.o [1]
  .rodata            const    0x00004aac    0x40  em_cmu.o [1]
  .rodata            const    0x00004aec    0x40  em_dma.o [1]
  .rodata            const    0x00004b2c    0x40  em_ebi.o [1]
  .rodata            const    0x00004b6c    0x40  em_gpio.o [1]
  .rodata            const    0x00004bac    0x38  wavplayer.o [1]
  .text              ro code  0x00004be4    0x28  data_init.o [4]
  .iar.init_table    const    0x00004c0c    0x24  - Linker created -
  .rodata            const    0x00004c30    0x20  wavplayer.o [1]
  .text              ro code  0x00004c50    0x1a  cmain.o [4]
  .text              ro code  0x00004c6a     0x4  low_level_init.o [3]
  .text              ro code  0x00004c6e     0x4  exit.o [3]
  .text              ro code  0x00004c74     0xa  cexit.o [4]
  .text              ro code  0x00004c80     0xc  XXexit.o [4]
  .rodata            const    0x00004c8c    0x18  bsp_dk_3201.o [1]
  .rodata            const    0x00004ca4    0x18  microsd.o [1]
  .rodata            const    0x00004cbc    0x10  ff.o [1]
  .text              ro code  0x00004ccc    0x10  startup_efm32gg.o [1]
  .rodata            const    0x00004cdc     0xc  wavplayer.o [1]
  .text              ro code  0x00004ce8     0xc  cstartup_M.o [4]
  .text              ro code  0x00004cf4     0x4  startup_efm32gg.o [1]
  .text              ro code  0x00004cf8     0x4  startup_efm32gg.o [1]
  .text              ro code  0x00004cfc     0x4  startup_efm32gg.o [1]
  .text              ro code  0x00004d00     0x4  startup_efm32gg.o [1]
  .text              ro code  0x00004d04     0x4  startup_efm32gg.o [1]
  .text              ro code  0x00004d08     0x4  startup_efm32gg.o [1]
  .text              ro code  0x00004d0c     0x4  startup_efm32gg.o [1]
  .text              ro code  0x00004d10     0x4  startup_efm32gg.o [1]
  .text              ro code  0x00004d14     0x4  startup_efm32gg.o [1]
  .text              ro code  0x00004d18     0x4  startup_efm32gg.o [1]
  .text              ro code  0x00004d1c     0x4  startup_efm32gg.o [1]
  .text              ro code  0x00004d20     0x4  startup_efm32gg.o [1]
  .text              ro code  0x00004d24     0x4  startup_efm32gg.o [1]
  .text              ro code  0x00004d28     0x4  startup_efm32gg.o [1]
  .text              ro code  0x00004d2c     0x4  startup_efm32gg.o [1]
  .text              ro code  0x00004d30     0x4  startup_efm32gg.o [1]
  .text              ro code  0x00004d34     0x4  startup_efm32gg.o [1]
  .text              ro code  0x00004d38     0x4  startup_efm32gg.o [1]
  .text              ro code  0x00004d3c     0x4  startup_efm32gg.o [1]
  .text              ro code  0x00004d40     0x4  startup_efm32gg.o [1]
  .text              ro code  0x00004d44     0x4  startup_efm32gg.o [1]
  .text              ro code  0x00004d48     0x4  startup_efm32gg.o [1]
  .text              ro code  0x00004d4c     0x4  startup_efm32gg.o [1]
  .text              ro code  0x00004d50     0x4  startup_efm32gg.o [1]
  .text              ro code  0x00004d54     0x4  startup_efm32gg.o [1]
  .text              ro code  0x00004d58     0x4  startup_efm32gg.o [1]
  .text              ro code  0x00004d5c     0x4  startup_efm32gg.o [1]
  .text              ro code  0x00004d60     0x4  startup_efm32gg.o [1]
  .text              ro code  0x00004d64     0x4  startup_efm32gg.o [1]
  .text              ro code  0x00004d68     0x4  startup_efm32gg.o [1]
  .text              ro code  0x00004d6c     0x4  startup_efm32gg.o [1]
  .text              ro code  0x00004d70     0x4  startup_efm32gg.o [1]
  .text              ro code  0x00004d74     0x4  startup_efm32gg.o [1]
  .text              ro code  0x00004d78     0x4  startup_efm32gg.o [1]
  .text              ro code  0x00004d7c     0x4  startup_efm32gg.o [1]
  .text              ro code  0x00004d80     0x4  startup_efm32gg.o [1]
  .text              ro code  0x00004d84     0x4  startup_efm32gg.o [1]
  .text              ro code  0x00004d88     0x4  startup_efm32gg.o [1]
  .text              ro code  0x00004d8c     0x4  startup_efm32gg.o [1]
  .text              ro code  0x00004d90     0x4  startup_efm32gg.o [1]
  .text              ro code  0x00004d94     0x4  startup_efm32gg.o [1]
  .text              ro code  0x00004d98     0x4  startup_efm32gg.o [1]
  .text              ro code  0x00004d9c     0x4  startup_efm32gg.o [1]
  .text              ro code  0x00004da0     0x4  startup_efm32gg.o [1]
  .text              ro code  0x00004da4     0x4  startup_efm32gg.o [1]
  .text              ro code  0x00004da8     0x4  startup_efm32gg.o [1]
  .rodata            const    0x00004dac     0x0  zero_init3.o [4]
  .rodata            const    0x00004dac     0x0  copy_init3.o [4]
  Initializer bytes  ro data  0x00004dac     0xc  <for P2 s0>
                            - 0x00004db8  0x4cdc

"P2", part 1 of 3:                           0xc
  P2 s0                       0x20000000     0xc  <Init block>
    .data            inited   0x20000000     0x4  system_efm32gg.o [1]
    .data            inited   0x20000004     0x4  system_efm32gg.o [1]
    .data            inited   0x20000008     0x1  diskio.o [1]
                            - 0x2000000c     0xc

"P2", part 2 of 3:                        0x1c64
  .bss               zero     0x2000000c   0x800  wavplayer.o [1]
  .bss               zero     0x2000080c   0x800  wavplayer.o [1]
  .bss               zero     0x2000100c   0x400  wavplayer.o [1]
  .bss               zero     0x2000140c   0x234  wavplayer.o [1]
  .bss               zero     0x20001640   0x224  wavplayer.o [1]
  .bss               zero     0x20001a00   0x200  dmactrl.o [1]
  .bss               zero     0x20001c00    0x2c  wavplayer.o [1]
  .bss               zero     0x20001c2c     0xc  wavplayer.o [1]
  .bss               zero     0x20001c38     0x4  bsp_dk_3201.o [1]
  .bss               zero     0x20001c3c     0x4  bsp_dk_3201.o [1]
  .bss               zero     0x20001c40     0x4  ff.o [1]
  .bss               zero     0x20001c44     0x4  microsd.o [1]
  .bss               zero     0x20001c48     0x4  microsd.o [1]
  .bss               zero     0x20001c4c     0x4  system_efm32gg.o [1]
  .bss               zero     0x20001c50     0x4  wavplayer.o [1]
  .bss               zero     0x20001c54     0x4  wavplayer.o [1]
  .bss               zero     0x20001c58     0x4  wavplayer.o [1]
  .bss               zero     0x20001c5c     0x4  wavplayer.o [1]
  .bss               zero     0x20001c60     0x2  diskio.o [1]
  .bss               zero     0x20001c62     0x2  em_emu.o [1]
  .bss               zero     0x20001c64     0x2  ff.o [1]
  .bss               zero     0x20001c66     0x2  wavplayer.o [1]
  .bss               zero     0x20001c68     0x1  bsp_dk_3201.o [1]
  .bss               zero     0x20001c69     0x1  ff.o [1]
  .bss               zero     0x20001c6a     0x1  wavplayer.o [1]
                            - 0x20001c6b  0x1c5f

"P2", part 3 of 3:                         0x400
  CSTACK                      0x20001c70   0x400  <Block>
    CSTACK           uninit   0x20001c70   0x400  <Block tail>
                            - 0x20002070   0x400


*******************************************************************************
*** INIT TABLE
***

          Address     Size
          -------     ----
Zero (__iar_zero_init3)
    1 destination range, total size 0x1c5f:
          0x2000000c  0x1c5f

Copy (__iar_copy_init3)
    1 source range, total size 0xc (133% of destination):
          0x00004dac     0xc
    1 destination range, total size 0x9:
          0x20000000     0x9



*******************************************************************************
*** MODULE SUMMARY
***

    Module                 ro code  ro data  rw data
    ------                 -------  -------  -------
C:\Users\gombos\dmpro\kits\EFM32GG_DK3750\examples\wavplayer\iar\wavplayer\Debug\Obj: [1]
    bsp_dk_3201.o            2 340      228        9
    bsp_dk_leds.o               24
    diskio.o                 1 420        1        3
    dmactrl.o                                    512
    em_assert.o                  2
    em_cmu.o                 2 920       64
    em_dma.o                 1 364       64
    em_ebi.o                 1 976       64
    em_emu.o                    20                 2
    em_gpio.o                  240       64
    em_usart.o                 602       68
    ff.o                     5 076       16        7
    microsd.o                  896       24        8
    startup_efm32gg.o          420
    system_efm32gg.o           308        8       12
    wavplayer.o              1 268      100    6 307
    ------------------------------------------------
    Total:                  18 876      701    6 860

command line: [2]
    ------------------------------------------------
    Total:

dl7M_tln.a: [3]
    exit.o                       4
    low_level_init.o             4
    ------------------------------------------------
    Total:                       8

rt7M_tl.a: [4]
    ABImemcpy_unaligned.o       86
    XXexit.o                    12
    cexit.o                     10
    cmain.o                     26
    copy_init3.o                46
    cstartup_M.o                12
    data_init.o                 40
    zero_init3.o                34
    ------------------------------------------------
    Total:                     266

    Gaps                         6               412
    Linker created                       39    1 024
----------------------------------------------------
    Grand Total:            19 156      740    8 296


*******************************************************************************
*** ENTRY LIST
***

Entry                      Address   Size  Type      Object
-----                      -------   ----  ----      ------
?main                   0x00004c51         Code  Gb  cmain.o [4]
BITBAND_Peripheral      0x00002889    0xe  Code  Lc  em_cmu.o [1]
BITBAND_Peripheral      0x000022ff    0xe  Code  Lc  em_dma.o [1]
BITBAND_Peripheral      0x000041e5    0xe  Code  Lc  em_ebi.o [1]
BSP_BusControlModeSet   0x00003809   0x9c  Code  Gb  bsp_dk_3201.o [1]
BSP_EbiExtendedAddressRange
                        0x000038a5   0x24  Code  Gb  bsp_dk_3201.o [1]
BSP_Init                0x000037bd   0x4c  Code  Gb  bsp_dk_3201.o [1]
BSP_LedsSet             0x00004081   0x12  Code  Gb  bsp_dk_leds.o [1]
BSP_PeripheralAccess    0x000038c9  0x236  Code  Gb  bsp_dk_3201.o [1]
BSP_PushButtonsGet      0x00003aff   0x12  Code  Gb  bsp_dk_3201.o [1]
BSP_RegisterRead        0x00003b11   0x1a  Code  Gb  bsp_dk_3201.o [1]
BSP_RegisterWrite       0x00003b2b   0x22  Code  Gb  bsp_dk_3201.o [1]
ByteCounter             0x20001c50    0x4  Data  Lc  wavplayer.o [1]
CMU_AUXClkGet           0x000029b9   0x64  Code  Lc  em_cmu.o [1]
CMU_ClockDivGet         0x00002b17  0x158  Code  Gb  em_cmu.o [1]
CMU_ClockEnable         0x00002c6f   0xce  Code  Gb  em_cmu.o [1]
CMU_ClockFreqGet        0x00002d3d  0x1ae  Code  Gb  em_cmu.o [1]
CMU_ClockSelectGet      0x00002eeb  0x138  Code  Gb  em_cmu.o [1]
CMU_ClockSelectSet      0x0000305d  0x270  Code  Gb  em_cmu.o [1]
CMU_DBGClkGet           0x00002a1d   0x4c  Code  Lc  em_cmu.o [1]
CMU_DivToLog2           0x000028cf   0x26  Code  Lc  em_cmu.o [1]
CMU_FlashWaitStateControl
                        0x000028fd   0x7e  Code  Lc  em_cmu.o [1]
CMU_FlashWaitStateMax   0x00002897   0x38  Code  Lc  em_cmu.o [1]
CMU_LFClkGet            0x00002a69   0x98  Code  Lc  em_cmu.o [1]
CMU_Log2ToDiv           0x000028f5    0x8  Code  Lc  em_cmu.o [1]
CMU_OscillatorEnable    0x00003311   0xa6  Code  Gb  em_cmu.o [1]
CMU_Sync                0x00002b01   0x16  Code  Lc  em_cmu.o [1]
CMU_USBCClkGet          0x0000297b   0x3e  Code  Lc  em_cmu.o [1]
CSTACK$$Base            0x20001c70          --   Gb  - Linker created -
CSTACK$$Limit           0x20002070          --   Gb  - Linker created -
CardType                0x20001c60    0x2  Data  Lc  diskio.o [1]
CheckVolume             0x00001d53   0x7e  Code  Lc  wavplayer.o [1]
CurrVol                 0x20001c69    0x1  Data  Lc  ff.o [1]
DMA_ActivatePingPong    0x00002495   0x8e  Code  Gb  em_dma.o [1]
DMA_CfgChannel          0x00002523   0x88  Code  Gb  em_dma.o [1]
DMA_CfgDescr            0x000025ab   0x66  Code  Gb  em_dma.o [1]
DMA_IRQHandler          0x000023f1   0xa4  Code  Gb  em_dma.o [1]
DMA_Init                0x00002611   0x56  Code  Gb  em_dma.o [1]
DMA_Prepare             0x0000230d   0xe4  Code  Lc  em_dma.o [1]
DMA_RefreshPingPong     0x00002667   0xde  Code  Gb  em_dma.o [1]
DMA_Reset               0x00002745   0x5e  Code  Gb  em_dma.o [1]
DMA_setup               0x00001c6b   0x92  Code  Gb  wavplayer.o [1]
DMAcallBack             0x20001c2c    0xc  Data  Lc  wavplayer.o [1]
EBI_BankAddressTimingConfig
                        0x00004727   0x5a  Code  Gb  em_ebi.o [1]
EBI_BankAddressTimingSet
                        0x00004781   0x86  Code  Gb  em_ebi.o [1]
EBI_BankPolaritySet     0x00004811  0x12a  Code  Gb  em_ebi.o [1]
EBI_BankReadTimingConfig
                        0x00004443   0xd8  Code  Gb  em_ebi.o [1]
EBI_BankReadTimingSet   0x0000451b   0xc6  Code  Gb  em_ebi.o [1]
EBI_BankWriteTimingConfig
                        0x000045e1   0x9e  Code  Gb  em_ebi.o [1]
EBI_BankWriteTimingSet  0x0000467f   0xa8  Code  Gb  em_ebi.o [1]
EBI_ChipSelectEnable    0x000043f3   0x50  Code  Gb  em_ebi.o [1]
EBI_Init                0x000041f3  0x200  Code  Gb  em_ebi.o [1]
EMU_EnterEM1            0x00001a99   0x14  Code  Lc  wavplayer.o [1]
EMU_UpdateOscConfig     0x000041d1    0xa  Code  Gb  em_emu.o [1]
EbiInit                 0x00003b4d  0x30a  Code  Lc  bsp_dk_3201.o [1]
FatFs                   0x20001c40    0x4  Data  Lc  ff.o [1]
Fatfs                   0x2000140c  0x234  Data  Lc  wavplayer.o [1]
FillBufferFromSDcard    0x00001af1   0xf6  Code  Gb  wavplayer.o [1]
Fsid                    0x20001c64    0x2  Data  Lc  ff.o [1]
GPIO_PinModeSet         0x000033f1   0xe4  Code  Gb  em_gpio.o [1]
GPIO_PinOutClear        0x0000375d   0x30  Code  Lc  bsp_dk_3201.o [1]
GPIO_PinOutSet          0x0000378d   0x30  Code  Lc  bsp_dk_3201.o [1]
GetProdRev              0x0000409d    0xa  Code  Lc  system_efm32gg.o [1]
I2S_Setup               0x00001cfd   0x56  Code  Lc  wavplayer.o [1]
MICROSD_BlockRx         0x0000203f   0xc8  Code  Gb  microsd.o [1]
MICROSD_BlockTx         0x00002107   0x70  Code  Gb  microsd.o [1]
MICROSD_Deselect        0x00001fef   0x12  Code  Gb  microsd.o [1]
MICROSD_Init            0x00001f5b   0x72  Code  Gb  microsd.o [1]
MICROSD_PowerOff        0x0000202b   0x14  Code  Gb  microsd.o [1]
MICROSD_PowerOn         0x0000201f    0xc  Code  Gb  microsd.o [1]
MICROSD_Select          0x00002001   0x1e  Code  Gb  microsd.o [1]
MICROSD_SendCmd         0x00002177   0xb0  Code  Gb  microsd.o [1]
MICROSD_SpiClkFast      0x0000223b   0x16  Code  Gb  microsd.o [1]
MICROSD_SpiClkSlow      0x00002227   0x14  Code  Gb  microsd.o [1]
MICROSD_TimeOutElapsed  0x0000225d   0x12  Code  Gb  microsd.o [1]
MICROSD_TimeOutSet      0x00002251    0xc  Code  Gb  microsd.o [1]
MICROSD_XferSpi         0x00001fcd   0x22  Code  Gb  microsd.o [1]
NVIC_ClearPendingIRQ    0x000022e5   0x1a  Code  Lc  em_dma.o [1]
NVIC_DisableIRQ         0x000022cb   0x1a  Code  Lc  em_dma.o [1]
NVIC_EnableIRQ          0x000022b1   0x1a  Code  Lc  em_dma.o [1]
NVIC_SetPriority        0x00001a3d   0x26  Code  Lc  wavplayer.o [1]
PingPongTransferComplete
                        0x00001be7   0x84  Code  Gb  wavplayer.o [1]
Region$$Table$$Base     0x00004c0c          --   Gb  - Linker created -
Region$$Table$$Limit    0x00004c30          --   Gb  - Linker created -
SpiBcAccess             0x00003e57   0x5e  Code  Lc  bsp_dk_3201.o [1]
SpiBcInit               0x00003eb5   0x60  Code  Lc  bsp_dk_3201.o [1]
SpiControl              0x00003f15   0x44  Code  Lc  bsp_dk_3201.o [1]
SpiInit                 0x00003f59   0x30  Code  Lc  bsp_dk_3201.o [1]
SpiRegisterRead         0x00003f89   0x54  Code  Lc  bsp_dk_3201.o [1]
SpiRegisterWrite        0x00003fdd   0x46  Code  Lc  bsp_dk_3201.o [1]
SysTick_Config          0x00001a63   0x36  Code  Lc  wavplayer.o [1]
SysTick_Handler         0x00001ab3   0x3e  Code  Gb  wavplayer.o [1]
SystemCoreClock         0x20001c4c    0x4  Data  Gb  system_efm32gg.o [1]
SystemCoreClockGet      0x000040a7   0x28  Code  Gb  system_efm32gg.o [1]
SystemHFClockGet        0x000040cf   0xa6  Code  Gb  system_efm32gg.o [1]
SystemHFXOClock         0x20000000    0x4  Data  Lc  system_efm32gg.o [1]
SystemHFXOClockGet      0x00004175    0x6  Code  Gb  system_efm32gg.o [1]
SystemInit              0x0000417b    0x2  Code  Gb  system_efm32gg.o [1]
SystemLFRCOClockGet     0x0000417d    0x6  Code  Gb  system_efm32gg.o [1]
SystemLFXOClock         0x20000004    0x4  Data  Lc  system_efm32gg.o [1]
SystemLFXOClockGet      0x00004189    0x6  Code  Gb  system_efm32gg.o [1]
SystemULFRCOClockGet    0x00004183    0x6  Code  Gb  system_efm32gg.o [1]
USART_BaudrateSyncSet   0x000034e1   0x52  Code  Gb  em_usart.o [1]
USART_Enable            0x00003533   0x42  Code  Gb  em_usart.o [1]
USART_InitI2s           0x000035ff   0x76  Code  Gb  em_usart.o [1]
USART_InitSync          0x00003575   0x8a  Code  Gb  em_usart.o [1]
USART_Reset             0x00003675   0x72  Code  Gb  em_usart.o [1]
USART_Rx                0x0000370d    0xc  Code  Gb  em_usart.o [1]
USART_SpiTransfer       0x00003719   0x16  Code  Gb  em_usart.o [1]
USART_Tx                0x0000372f    0xc  Code  Gb  em_usart.o [1]
Volume                  0x00004bac   0x38  Data  Lc  wavplayer.o [1]
WAVfile                 0x20001640  0x224  Data  Lc  wavplayer.o [1]
WaitReady               0x00001f31   0x2a  Code  Lc  microsd.o [1]
__Vectors               0x00000000          --   Gb  startup_efm32gg.o [1]
__Vectors_End           0x000000dc         Data  Gb  startup_efm32gg.o [1]
__Vectors_Size {Abs}    0x000000dc          --   Gb  startup_efm32gg.o [1]
__cmain                 0x00004c51         Code  Gb  cmain.o [4]
__exit                  0x00004c81         Code  Gb  XXexit.o [4]
__iar_copy_init3        0x0000285b   0x2e  Code  Gb  copy_init3.o [4]
__iar_data_init3        0x00004be5   0x28  Code  Gb  data_init.o [4]
__iar_program_start     0x00004ce9         Code  Gb  cstartup_M.o [4]
__iar_unaligned___aeabi_memcpy4
                        0x00002805         Code  Gb  ABImemcpy_unaligned.o [4]
__iar_unaligned___aeabi_memcpy8
                        0x00002805         Code  Gb  ABImemcpy_unaligned.o [4]
__iar_zero_init3        0x0000373b   0x22  Code  Gb  zero_init3.o [4]
__low_level_init        0x00004c6b    0x4  Code  Gb  low_level_init.o [3]
__vector_table          0x00000000         Data  Gb  startup_efm32gg.o [1]
__vector_table_0x1c     0x0000001c         Data  Gb  startup_efm32gg.o [1]
_call_main              0x00004c5d         Code  Gb  cmain.o [4]
_exit                   0x00004c75         Code  Gb  cexit.o [4]
_main                   0x00004c67         Code  Gb  cmain.o [4]
assertEFM               0x00004099    0x2  Code  Gb  em_assert.o [1]
bspOperationMode        0x20001c38    0x4  Data  Lc  bsp_dk_3201.o [1]
busMode                 0x20001c68    0x1  Data  Lc  bsp_dk_3201.o [1]
checkVolume             0x20001c6a    0x1  Data  Lc  wavplayer.o [1]
checkVolumeCount        0x20001c58    0x4  Data  Lc  wavplayer.o [1]
check_fs                0x00000b7f   0x7a  Code  Lc  ff.o [1]
chk_chr                 0x00000139   0x14  Code  Lc  ff.o [1]
chk_mounted             0x00000bf9  0x450  Code  Lc  ff.o [1]
clust2sect              0x000001c5   0x1a  Code  Gb  ff.o [1]
cmuStatus               0x20001c62    0x2  Data  Lc  em_emu.o [1]
create_chain            0x000004e7   0xdc  Code  Lc  ff.o [1]
create_name             0x000008a3  0x21e  Code  Lc  ff.o [1]
dir_find                0x000007b9   0x68  Code  Lc  ff.o [1]
dir_next                0x00000679  0x140  Code  Lc  ff.o [1]
dir_register            0x00000821   0x82  Code  Lc  ff.o [1]
dir_sdi                 0x000005c3   0xb6  Code  Lc  ff.o [1]
disk_initialize         0x000014b1  0x172  Code  Gb  diskio.o [1]
disk_ioctl              0x0000179b  0x298  Code  Gb  diskio.o [1]
disk_read               0x00001637   0xa2  Code  Gb  diskio.o [1]
disk_status             0x00001623   0x14  Code  Gb  diskio.o [1]
disk_write              0x000016d9   0xc2  Code  Gb  diskio.o [1]
dmaControlBlock         0x20001a00  0x200  Data  Gb  dmactrl.o [1]
exit                    0x00004c6f    0x4  Code  Gb  exit.o [3]
f_mount                 0x00001077   0x46  Code  Gb  ff.o [1]
f_open                  0x000010c1  0x1a6  Code  Gb  ff.o [1]
f_read                  0x00001267  0x230  Code  Gb  ff.o [1]
follow_path             0x00000ac1   0xbe  Code  Lc  ff.o [1]
get_fat                 0x000001df  0x120  Code  Gb  ff.o [1]
get_fattime             0x00001aad    0x6  Code  Gb  wavplayer.o [1]
lastAddr                0x20001c3c    0x4  Data  Lc  bsp_dk_3201.o [1]
last_buttons            0x20001c66    0x2  Data  Lc  wavplayer.o [1]
main                    0x00001dd1   0xd6  Code  Gb  wavplayer.o [1]
mem_cmp                 0x00000113   0x26  Code  Lc  ff.o [1]
mem_cpy                 0x000000dd   0x1e  Code  Lc  ff.o [1]
mem_set                 0x000000fb   0x18  Code  Lc  ff.o [1]
move_window             0x0000014d   0x78  Code  Lc  ff.o [1]
put_fat                 0x000002ff  0x176  Code  Gb  ff.o [1]
ramBufferDacData0Stereo
                        0x2000000c  0x800  Data  Lc  wavplayer.o [1]
ramBufferDacData1Stereo
                        0x2000080c  0x800  Data  Lc  wavplayer.o [1]
ramBufferTemporaryMono  0x2000100c  0x400  Data  Lc  wavplayer.o [1]
remove_chain            0x00000475   0x72  Code  Lc  ff.o [1]
stat                    0x20000008    0x1  Data  Lc  diskio.o [1]
timeOut                 0x20001c44    0x4  Data  Lc  microsd.o [1]
validate                0x00001049   0x2e  Code  Lc  ff.o [1]
volume                  0x20001c54    0x4  Data  Lc  wavplayer.o [1]
volumeAdjustFactor      0x20001c5c    0x4  Data  Lc  wavplayer.o [1]
wavHeader               0x20001c00   0x2c  Data  Lc  wavplayer.o [1]
xfersPrMsec             0x20001c48    0x4  Data  Lc  microsd.o [1]


[1] = C:\Users\gombos\dmpro\kits\EFM32GG_DK3750\examples\wavplayer\iar\wavplayer\Debug\Obj
[2] = command line
[3] = dl7M_tln.a
[4] = rt7M_tl.a

  19 156 bytes of readonly  code memory
     740 bytes of readonly  data memory
   8 296 bytes of readwrite data memory

Errors: none
Warnings: none
